// Jest Snapshot v1, https://goo.gl/fbAQLP

exports[`<GameEndIcon /> should render icon component 1`] = `
<DocumentFragment>
  <svg
    height="32"
    width="32"
    xmlns="http://www.w3.org/2000/svg"
  >
    <defs>
      <style>
        .game-end__icon{fill:none;stroke:#999;stroke-linecap:round;stroke-linejoin:round;stroke-width:2px}
      </style>
    </defs>
    <g
      transform="translate(-1 -1)"
    >
      <circle
        class="game-end__icon"
        cx="15"
        cy="15"
        r="15"
        transform="translate(2 2)"
      />
      <path
        class="game-end__icon"
        d="M17 8v9l6 3"
      />
    </g>
  </svg>
</DocumentFragment>
`;
